
******** adding jobs to queue: ********
jq.joblist: []
jq.joblist: ['u000_aaa']
jq.joblist: ['u000_aaa', 'u000_bbb']
jq.joblist: ['u000_aaa', 'u000_bbb', 'u000_ccc']
jq.joblist: ['u000_aaa', 'u111_ddd', 'u000_bbb', 'u000_ccc']
jq.joblist: ['u000_aaa', 'u111_ddd', 'u000_bbb', 'u111_eee', 'u000_ccc']
jq.joblist: ['u000_aaa', 'u111_ddd', 'u000_bbb', 'u111_eee', 'u000_ccc', 'u111_fff']
jq.joblist: ['u000_aaa', 'u111_ddd', 'u000_bbb', 'u111_eee', 'u000_ccc', 'u111_fff', 'u111_ggg']
========================= queue status =========================
--- jobs retrieved for processing
None.
------------------------- queue status -------------------------
--- jobs queued (not yet retrieved)
u000 (hrm@svi.nl): u000_aaa - ['tests/jobfiles/sandbox/bad.lsm'] [queued]
u111 (hrm@svi.nl): u111_ddd - ['tests/jobfiles/sandbox/bad.lsm'] [queued]
u000 (hrm@svi.nl): u000_bbb - ['tests/jobfiles/sandbox/bad.lsm'] [queued]
u111 (hrm@svi.nl): u111_eee - ['tests/jobfiles/sandbox/bad.lsm'] [queued]
u000 (hrm@svi.nl): u000_ccc - ['tests/jobfiles/sandbox/bad.lsm'] [queued]
u111 (hrm@svi.nl): u111_fff - ['tests/jobfiles/sandbox/bad.lsm'] [queued]
u111 (hrm@svi.nl): u111_ggg - ['tests/jobfiles/sandbox/bad.lsm'] [queued]
========================= queue status =========================


******** retrieving jobs from queue for processing: ********
jq.joblist: ['u000_aaa', 'u111_ddd', 'u000_bbb', 'u111_eee', 'u000_ccc', 'u111_fff', 'u111_ggg']
next: 'u000_aaa' (joblist: ['u111_ddd', 'u000_bbb', 'u111_eee', 'u000_ccc', 'u111_fff', 'u111_ggg'])
next: 'u111_ddd' (joblist: ['u000_bbb', 'u111_eee', 'u000_ccc', 'u111_fff', 'u111_ggg'])
next: 'u000_bbb' (joblist: ['u111_eee', 'u000_ccc', 'u111_fff', 'u111_ggg'])
next: 'u111_eee' (joblist: ['u000_ccc', 'u111_fff', 'u111_ggg'])
next: 'u000_ccc' (joblist: ['u111_fff', 'u111_ggg'])
next: 'u111_fff' (joblist: ['u111_ggg'])
next: 'u111_ggg' (joblist: [])
jq.joblist: []
========================= queue status =========================
--- jobs retrieved for processing
u000 (hrm@svi.nl): u000_aaa - ['tests/jobfiles/sandbox/bad.lsm'] [queued]
u111 (hrm@svi.nl): u111_ddd - ['tests/jobfiles/sandbox/bad.lsm'] [queued]
u000 (hrm@svi.nl): u000_bbb - ['tests/jobfiles/sandbox/bad.lsm'] [queued]
u111 (hrm@svi.nl): u111_eee - ['tests/jobfiles/sandbox/bad.lsm'] [queued]
u000 (hrm@svi.nl): u000_ccc - ['tests/jobfiles/sandbox/bad.lsm'] [queued]
u111 (hrm@svi.nl): u111_fff - ['tests/jobfiles/sandbox/bad.lsm'] [queued]
u111 (hrm@svi.nl): u111_ggg - ['tests/jobfiles/sandbox/bad.lsm'] [queued]
------------------------- queue status -------------------------
--- jobs queued (not yet retrieved)
None.
========================= queue status =========================


******** adding jobs to queue: ********
jq.joblist: []
jq.joblist: ['u000_aaa']
jq.joblist: ['u000_aaa', 'u000_bbb']
jq.joblist: ['u000_aaa', 'u000_bbb', 'u000_ccc']
jq.joblist: ['u000_aaa', 'u111_ddd', 'u000_bbb', 'u000_ccc']
jq.joblist: ['u000_aaa', 'u111_ddd', 'u000_bbb', 'u111_eee', 'u000_ccc']
jq.joblist: ['u000_aaa', 'u111_ddd', 'u000_bbb', 'u111_eee', 'u000_ccc', 'u111_fff']
jq.joblist: ['u000_aaa', 'u111_ddd', 'u000_bbb', 'u111_eee', 'u000_ccc', 'u111_fff', 'u111_ggg']
========================= queue status =========================
--- jobs retrieved for processing
None.
------------------------- queue status -------------------------
--- jobs queued (not yet retrieved)
u000 (hrm@svi.nl): u000_aaa - ['tests/jobfiles/sandbox/bad.lsm'] [queued]
u111 (hrm@svi.nl): u111_ddd - ['tests/jobfiles/sandbox/bad.lsm'] [queued]
u000 (hrm@svi.nl): u000_bbb - ['tests/jobfiles/sandbox/bad.lsm'] [queued]
u111 (hrm@svi.nl): u111_eee - ['tests/jobfiles/sandbox/bad.lsm'] [queued]
u000 (hrm@svi.nl): u000_ccc - ['tests/jobfiles/sandbox/bad.lsm'] [queued]
u111 (hrm@svi.nl): u111_fff - ['tests/jobfiles/sandbox/bad.lsm'] [queued]
u111 (hrm@svi.nl): u111_ggg - ['tests/jobfiles/sandbox/bad.lsm'] [queued]
========================= queue status =========================


******** removing jobs from queue: ********
jq.joblist: ['u000_aaa', 'u111_ddd', 'u000_bbb', 'u111_eee', 'u000_ccc', 'u111_fff', 'u111_ggg']
remove('u000_aaa'): u000_aaa (joblist: ['u000_bbb', 'u111_ddd', 'u000_ccc', 'u111_eee', 'u111_fff', 'u111_ggg'])
remove('u000_bbb'): u000_bbb (joblist: ['u000_ccc', 'u111_ddd', 'u111_eee', 'u111_fff', 'u111_ggg'])
next_job(): u000_ccc (joblist: ['u111_ddd', 'u111_eee', 'u111_fff', 'u111_ggg'])
remove('u111_ggg'): u111_ggg (joblist: ['u111_ddd', 'u111_eee', 'u111_fff'])
next_job(): u111_ddd (joblist: ['u111_eee', 'u111_fff'])
remove('u111_eee'): u111_eee (joblist: ['u111_fff'])
remove('u111_fff'): u111_fff (joblist: [])

----- no queued jobs should be left (but some processing) ----
jq.joblist: []
========================= queue status =========================
--- jobs retrieved for processing
u000 (hrm@svi.nl): u000_ccc - ['tests/jobfiles/sandbox/bad.lsm'] [queued]
u111 (hrm@svi.nl): u111_ddd - ['tests/jobfiles/sandbox/bad.lsm'] [queued]
------------------------- queue status -------------------------
--- jobs queued (not yet retrieved)
None.
========================= queue status =========================


******** trying to removing jobs from the empty queue: ********
None


******** trying to add duplicate jobs to queue: ********
jq.joblist: []
jq.joblist: ['u000_aaa']
Adding duplicate job failed as expected (Job with uid 'u000_aaa' already in this queue!)!
